eine Quintillion fünfzig Quadrilliarden neunhundertsieben Quadrillionen vierhundertsieben Trillionen siebenhundertfünfzig Billiarden sechshundert Billionen dreißig Milliarden sechshundertvierzig Millionen zweiundzwanzigtausendvierhunderteins
