eine Million
eine Million zweihundertfünfzehntausendvierhunderteinunddreißig
eine Million vierhundertdreißigtausendachthundertzweiundsechzig
eine Million sechshundertsechsundvierzigtausendzweihundertdreiundneunzig
eine Million achthunderteinundsechzigtausendsiebenhundertvierundzwanzig
zwei Millionen siebenundsiebzigtausendeinhundertfünfundfünfzig
zwei Millionen zweihundertzweiundneunzigtausendfünfhundertsechsundachtzig
zwei Millionen fünfhundertachttausendsiebzehn
zwei Millionen siebenhundertdreiundzwanzigtausendvierhundertachtundvierzig
zwei Millionen neunhundertachtunddreißigtausendachthundertneunundsiebzig
drei Millionen einhundertvierundfünfzigtausenddreihundertzehn
drei Millionen dreihundertneunundsechzigtausendsiebenhunderteinundvierzig
drei Millionen fünfhundertfünfundachtzigtausendeinhundertzweiundsiebzig
drei Millionen achthunderttausendsechshundertdrei
vier Millionen sechzehntausendvierunddreißig
vier Millionen zweihunderteinunddreißigtausendvierhundertfünfundsechzig
vier Millionen vierhundertsechsundvierzigtausendachthundertsechsundneunzig
vier Millionen sechshundertzweiundsechzigtausenddreihundertsiebenundzwanzig
vier Millionen achthundertsiebenundsiebzigtausendsiebenhundertachtundfünfzig
fünf Millionen dreiundneunzigtausendeinhundertneunundachtzig
fünf Millionen dreihundertachttausendsechshundertzwanzig
fünf Millionen fünfhundertvierundzwanzigtausendeinundfünfzig
fünf Millionen siebenhundertneununddreißigtausendvierhundertzweiundachtzig
fünf Millionen neunhundertvierundfünfzigtausendneunhundertdreizehn
sechs Millionen einhundertsiebzigtausenddreihundertvierundvierzig
sechs Millionen dreihundertfünfundachtzigtausendsiebenhundertfünfundsiebzig
sechs Millionen sechshunderteintausendzweihundertsechs
sechs Millionen achthundertsechzehntausendsechshundertsiebenunddreißig
sieben Millionen zweiunddreißigtausendachtundsechzig
sieben Millionen zweihundertsiebenundvierzigtausendvierhundertneunundneunzig
sieben Millionen vierhundertzweiundsechzigtausendneunhundertdreißig
sieben Millionen sechshundertachtundsiebzigtausenddreihunderteinundsechzig
sieben Millionen achthundertdreiundneunzigtausendsiebenhundertzweiundneunzig
acht Millionen einhundertneuntausendzweihundertdreiundzwanzig
acht Millionen dreihundertvierundzwanzigtausendsechshundertvierundfünfzig
acht Millionen fünfhundertvierzigtausendfünfundachtzig
acht Millionen siebenhundertfünfundfünfzigtausendfünfhundertsechzehn
acht Millionen neunhundertsiebzigtausendneunhundertsiebenundvierzig
neun Millionen einhundertsechsundachtzigtausenddreihundertachtundsiebzig
neun Millionen vierhunderteintausendachthundertneun
neun Millionen sechshundertsiebzehntausendzweihundertvierzig
neun Millionen achthundertzweiunddreißigtausendsechshunderteinundsiebzig
zehn Millionen achtundvierzigtausendeinhundertzwei
zehn Millionen zweihundertdreiundsechzigtausendfünfhundertdreiunddreißig
zehn Millionen vierhundertachtundsiebzigtausendneunhundertvierundsechzig
zehn Millionen sechshundertvierundneunzigtausenddreihundertfünfundneunzig
zehn Millionen neunhundertneuntausendachthundertsechsundzwanzig
elf Millionen einhundertfünfundzwanzigtausendzweihundertsiebenundfünfzig
elf Millionen dreihundertvierzigtausendsechshundertachtundachtzig
elf Millionen fünfhundertsechsundfünfzigtausendeinhundertneunzehn
elf Millionen siebenhunderteinundsiebzigtausendfünfhundertfünfzig
elf Millionen neunhundertsechsundachtzigtausendneunhunderteinundachtzig
zwölf Millionen zweihundertzweitausendvierhundertzwölf
zwölf Millionen vierhundertsiebzehntausendachthundertdreiundvierzig
zwölf Millionen sechshundertdreiunddreißigtausendzweihundertvierundsiebzig
zwölf Millionen achthundertachtundvierzigtausendsiebenhundertfünf
dreizehn Millionen vierundsechzigtausendeinhundertsechsunddreißig
dreizehn Millionen zweihundertneunundsiebzigtausendfünfhundertsiebenundsechzig
dreizehn Millionen vierhundertvierundneunzigtausendneunhundertachtundneunzig
dreizehn Millionen siebenhundertzehntausendvierhundertneunundzwanzig
dreizehn Millionen neunhundertfünfundzwanzigtausendachthundertsechzig
vierzehn Millionen einhunderteinundvierzigtausendzweihunderteinundneunzig
vierzehn Millionen dreihundertsechsundfünfzigtausendsiebenhundertzweiundzwanzig
vierzehn Millionen fünfhundertzweiundsiebzigtausendeinhundertdreiundfünfzig
vierzehn Millionen siebenhundertsiebenundachtzigtausendfünfhundertvierundachtzig
fünfzehn Millionen dreitausendfünfzehn
fünfzehn Millionen zweihundertachtzehntausendvierhundertsechsundvierzig
fünfzehn Millionen vierhundertdreiunddreißigtausendachthundertsiebenundsiebzig
fünfzehn Millionen sechshundertneunundvierzigtausenddreihundertacht
fünfzehn Millionen achthundertvierundsechzigtausendsiebenhundertneununddreißig
sechzehn Millionen achtzigtausendeinhundertsiebzig
sechzehn Millionen zweihundertfünfundneunzigtausendsechshunderteins
sechzehn Millionen fünfhundertelftausendzweiunddreißig
sechzehn Millionen siebenhundertsechsundzwanzigtausendvierhundertdreiundsechzig
sechzehn Millionen neunhunderteinundvierzigtausendachthundertvierundneunzig
siebzehn Millionen einhundertsiebenundfünfzigtausenddreihundertfünfundzwanzig
siebzehn Millionen dreihundertzweiundsiebzigtausendsiebenhundertsechsundfünfzig
siebzehn Millionen fünfhundertachtundachtzigtausendeinhundertsiebenundachtzig
siebzehn Millionen achthundertdreitausendsechshundertachtzehn
achtzehn Millionen neunzehntausendneunundvierzig
achtzehn Millionen zweihundertvierunddreißigtausendvierhundertachtzig
achtzehn Millionen vierhundertneunundvierzigtausendneunhundertelf
achtzehn Millionen sechshundertfünfundsechzigtausenddreihundertzweiundvierzig
achtzehn Millionen achthundertachtzigtausendsiebenhundertdreiundsiebzig
neunzehn Millionen sechsundneunzigtausendzweihundertvier
neunzehn Millionen dreihundertelftausendsechshundertfünfunddreißig
neunzehn Millionen fünfhundertsiebenundzwanzigtausendsechsundsechzig
neunzehn Millionen siebenhundertzweiundvierzigtausendvierhundertsiebenundneunzig
neunzehn Millionen neunhundertsiebenundfünfzigtausendneunhundertachtundzwanzig
zwanzig Millionen einhundertdreiundsiebzigtausenddreihundertneunundfünfzig
zwanzig Millionen dreihundertachtundachtzigtausendsiebenhundertneunzig
zwanzig Millionen sechshundertviertausendzweihunderteinundzwanzig
zwanzig Millionen achthundertneunzehntausendsechshundertzweiundfünfzig
einundzwanzig Millionen fünfunddreißigtausenddreiundachtzig
einundzwanzig Millionen zweihundertfünfzigtausendfünfhundertvierzehn
einundzwanzig Millionen vierhundertfünfundsechzigtausendneunhundertfünfundvierzig
einundzwanzig Millionen sechshunderteinundachtzigtausenddreihundertsechsundsiebzig
einundzwanzig Millionen achthundertsechsundneunzigtausendachthundertsieben
zweiundzwanzig Millionen einhundertzwölftausendzweihundertachtunddreißig
zweiundzwanzig Millionen dreihundertsiebenundzwanzigtausendsechshundertneunundsechzig
zweiundzwanzig Millionen fünfhundertdreiundvierzigtausendeinhundert
zweiundzwanzig Millionen siebenhundertachtundfünfzigtausendfünfhunderteinunddreißig
zweiundzwanzig Millionen neunhundertdreiundsiebzigtausendneunhundertzweiundsechzig
dreiundzwanzig Millionen einhundertneunundachtzigtausenddreihundertdreiundneunzig
dreiundzwanzig Millionen vierhundertviertausendachthundertvierundzwanzig
dreiundzwanzig Millionen sechshundertzwanzigtausendzweihundertfünfundfünfzig
dreiundzwanzig Millionen achthundertfünfunddreißigtausendsechshundertsechsundachtzig
vierundzwanzig Millionen einundfünfzigtausendeinhundertsiebzehn
vierundzwanzig Millionen zweihundertsechsundsechzigtausendfünfhundertachtundvierzig
vierundzwanzig Millionen vierhunderteinundachtzigtausendneunhundertneunundsiebzig
vierundzwanzig Millionen sechshundertsiebenundneunzigtausendvierhundertzehn
vierundzwanzig Millionen neunhundertzwölftausendachthunderteinundvierzig
fünfundzwanzig Millionen einhundertachtundzwanzigtausendzweihundertzweiundsiebzig
fünfundzwanzig Millionen dreihundertdreiundvierzigtausendsiebenhundertdrei
fünfundzwanzig Millionen fünfhundertneunundfünfzigtausendeinhundertvierunddreißig
fünfundzwanzig Millionen siebenhundertvierundsiebzigtausendfünfhundertfünfundsechzig
fünfundzwanzig Millionen neunhundertneunundachtzigtausendneunhundertsechsundneunzig
sechsundzwanzig Millionen zweihundertfünftausendvierhundertsiebenundzwanzig
sechsundzwanzig Millionen vierhundertzwanzigtausendachthundertachtundfünfzig
sechsundzwanzig Millionen sechshundertsechsunddreißigtausendzweihundertneunundachtzig
sechsundzwanzig Millionen achthunderteinundfünfzigtausendsiebenhundertzwanzig
siebenundzwanzig Millionen siebenundsechzigtausendeinhunderteinundfünfzig
siebenundzwanzig Millionen zweihundertzweiundachtzigtausendfünfhundertzweiundachtzig
siebenundzwanzig Millionen vierhundertachtundneunzigtausenddreizehn
siebenundzwanzig Millionen siebenhundertdreizehntausendvierhundertvierundvierzig
siebenundzwanzig Millionen neunhundertachtundzwanzigtausendachthundertfünfundsiebzig
achtundzwanzig Millionen einhundertvierundvierzigtausenddreihundertsechs
achtundzwanzig Millionen dreihundertneunundfünfzigtausendsiebenhundertsiebenunddreißig
achtundzwanzig Millionen fünfhundertfünfundsiebzigtausendeinhundertachtundsechzig
achtundzwanzig Millionen siebenhundertneunzigtausendfünfhundertneunundneunzig
neunundzwanzig Millionen sechstausenddreißig
neunundzwanzig Millionen zweihunderteinundzwanzigtausendvierhunderteinundsechzig
neunundzwanzig Millionen vierhundertsechsunddreißigtausendachthundertzweiundneunzig
neunundzwanzig Millionen sechshundertzweiundfünfzigtausenddreihundertdreiundzwanzig
neunundzwanzig Millionen achthundertsiebenundsechzigtausendsiebenhundertvierundfünfzig
dreißig Millionen dreiundachtzigtausendeinhundertfünfundachtzig
dreißig Millionen zweihundertachtundneunzigtausendsechshundertsechzehn
dreißig Millionen fünfhundertvierzehntausendsiebenundvierzig
dreißig Millionen siebenhundertneunundzwanzigtausendvierhundertachtundsiebzig
dreißig Millionen neunhundertvierundvierzigtausendneunhundertneun
einunddreißig Millionen einhundertsechzigtausenddreihundertvierzig
einunddreißig Millionen dreihundertfünfundsiebzigtausendsiebenhunderteinundsiebzig
einunddreißig Millionen fünfhunderteinundneunzigtausendzweihundertzwei
einunddreißig Millionen achthundertsechstausendsechshundertdreiunddreißig
zweiunddreißig Millionen zweiundzwanzigtausendvierundsechzig
zweiunddreißig Millionen zweihundertsiebenunddreißigtausendvierhundertfünfundneunzig
zweiunddreißig Millionen vierhundertzweiundfünfzigtausendneunhundertsechsundzwanzig
zweiunddreißig Millionen sechshundertachtundsechzigtausenddreihundertsiebenundfünfzig
zweiunddreißig Millionen achthundertdreiundachtzigtausendsiebenhundertachtundachtzig
dreiunddreißig Millionen neunundneunzigtausendzweihundertneunzehn
dreiunddreißig Millionen dreihundertvierzehntausendsechshundertfünfzig
dreiunddreißig Millionen fünfhundertdreißigtausendeinundachtzig
dreiunddreißig Millionen siebenhundertfünfundvierzigtausendfünfhundertzwölf
dreiunddreißig Millionen neunhundertsechzigtausendneunhundertdreiundvierzig
vierunddreißig Millionen einhundertsechsundsiebzigtausenddreihundertvierundsiebzig
vierunddreißig Millionen dreihunderteinundneunzigtausendachthundertfünf
vierunddreißig Millionen sechshundertsiebentausendzweihundertsechsunddreißig
vierunddreißig Millionen achthundertzweiundzwanzigtausendsechshundertsiebenundsechzig
fünfunddreißig Millionen achtunddreißigtausendachtundneunzig
fünfunddreißig Millionen zweihundertdreiundfünfzigtausendfünfhundertneunundzwanzig
fünfunddreißig Millionen vierhundertachtundsechzigtausendneunhundertsechzig
fünfunddreißig Millionen sechshundertvierundachtzigtausenddreihunderteinundneunzig
fünfunddreißig Millionen achthundertneunundneunzigtausendachthundertzweiundzwanzig
sechsunddreißig Millionen einhundertfünfzehntausendzweihundertdreiundfünfzig
sechsunddreißig Millionen dreihundertdreißigtausendsechshundertvierundachtzig
sechsunddreißig Millionen fünfhundertsechsundvierzigtausendeinhundertfünfzehn
sechsunddreißig Millionen siebenhunderteinundsechzigtausendfünfhundertsechsundvierzig
sechsunddreißig Millionen neunhundertsechsundsiebzigtausendneunhundertsiebenundsiebzig
siebenunddreißig Millionen einhundertzweiundneunzigtausendvierhundertacht
siebenunddreißig Millionen vierhundertsiebentausendachthundertneununddreißig
siebenunddreißig Millionen sechshundertdreiundzwanzigtausendzweihundertsiebzig
siebenunddreißig Millionen achthundertachtunddreißigtausendsiebenhunderteins
achtunddreißig Millionen vierundfünfzigtausendeinhundertzweiunddreißig
achtunddreißig Millionen zweihundertneunundsechzigtausendfünfhundertdreiundsechzig
achtunddreißig Millionen vierhundertvierundachtzigtausendneunhundertvierundneunzig
achtunddreißig Millionen siebenhunderttausendvierhundertfünfundzwanzig
achtunddreißig Millionen neunhundertfünfzehntausendachthundertsechsundfünfzig
neununddreißig Millionen einhunderteinunddreißigtausendzweihundertsiebenundachtzig
neununddreißig Millionen dreihundertsechsundvierzigtausendsiebenhundertachtzehn
neununddreißig Millionen fünfhundertzweiundsechzigtausendeinhundertneunundvierzig
neununddreißig Millionen siebenhundertsiebenundsiebzigtausendfünfhundertachtzig
neununddreißig Millionen neunhundertdreiundneunzigtausendelf
vierzig Millionen zweihundertachttausendvierhundertzweiundvierzig
vierzig Millionen vierhundertdreiundzwanzigtausendachthundertdreiundsiebzig
vierzig Millionen sechshundertneununddreißigtausenddreihundertvier
vierzig Millionen achthundertvierundfünfzigtausendsiebenhundertfünfunddreißig
einundvierzig Millionen siebzigtausendeinhundertsechsundsechzig
einundvierzig Millionen zweihundertfünfundachtzigtausendfünfhundertsiebenundneunzig
einundvierzig Millionen fünfhunderteintausendachtundzwanzig
einundvierzig Millionen siebenhundertsechzehntausendvierhundertneunundfünfzig
einundvierzig Millionen neunhunderteinunddreißigtausendachthundertneunzig
zweiundvierzig Millionen einhundertsiebenundvierzigtausenddreihunderteinundzwanzig
zweiundvierzig Millionen dreihundertzweiundsechzigtausendsiebenhundertzweiundfünfzig
zweiundvierzig Millionen fünfhundertachtundsiebzigtausendeinhundertdreiundachtzig
zweiundvierzig Millionen siebenhundertdreiundneunzigtausendsechshundertvierzehn
dreiundvierzig Millionen neuntausendfünfundvierzig
dreiundvierzig Millionen zweihundertvierundzwanzigtausendvierhundertsechsundsiebzig
dreiundvierzig Millionen vierhundertneununddreißigtausendneunhundertsieben
dreiundvierzig Millionen sechshundertfünfundfünfzigtausenddreihundertachtunddreißig
dreiundvierzig Millionen achthundertsiebzigtausendsiebenhundertneunundsechzig
vierundvierzig Millionen sechsundachtzigtausendzweihundert
vierundvierzig Millionen dreihunderteintausendsechshunderteinunddreißig
vierundvierzig Millionen fünfhundertsiebzehntausendzweiundsechzig
vierundvierzig Millionen siebenhundertzweiunddreißigtausendvierhundertdreiundneunzig
vierundvierzig Millionen neunhundertsiebenundvierzigtausendneunhundertvierundzwanzig
fünfundvierzig Millionen einhundertdreiundsechzigtausenddreihundertfünfundfünfzig
fünfundvierzig Millionen dreihundertachtundsiebzigtausendsiebenhundertsechsundachtzig
fünfundvierzig Millionen fünfhundertvierundneunzigtausendzweihundertsiebzehn
fünfundvierzig Millionen achthundertneuntausendsechshundertachtundvierzig
sechsundvierzig Millionen fünfundzwanzigtausendneunundsiebzig
sechsundvierzig Millionen zweihundertvierzigtausendfünfhundertzehn
sechsundvierzig Millionen vierhundertfünfundfünfzigtausendneunhunderteinundvierzig
sechsundvierzig Millionen sechshunderteinundsiebzigtausenddreihundertzweiundsiebzig
sechsundvierzig Millionen achthundertsechsundachtzigtausendachthundertdrei
siebenundvierzig Millionen einhundertzweitausendzweihundertvierunddreißig
siebenundvierzig Millionen dreihundertsiebzehntausendsechshundertfünfundsechzig
siebenundvierzig Millionen fünfhundertdreiunddreißigtausendsechsundneunzig
siebenundvierzig Millionen siebenhundertachtundvierzigtausendfünfhundertsiebenundzwanzig
siebenundvierzig Millionen neunhundertdreiundsechzigtausendneunhundertachtundfünfzig
achtundvierzig Millionen einhundertneunundsiebzigtausenddreihundertneunundachtzig
achtundvierzig Millionen dreihundertvierundneunzigtausendachthundertzwanzig
achtundvierzig Millionen sechshundertzehntausendzweihunderteinundfünfzig
achtundvierzig Millionen achthundertfünfundzwanzigtausendsechshundertzweiundachtzig
neunundvierzig Millionen einundvierzigtausendeinhundertdreizehn
neunundvierzig Millionen zweihundertsechsundfünfzigtausendfünfhundertvierundvierzig
neunundvierzig Millionen vierhunderteinundsiebzigtausendneunhundertfünfundsiebzig
neunundvierzig Millionen sechshundertsiebenundachtzigtausendvierhundertsechs
neunundvierzig Millionen neunhundertzweitausendachthundertsiebenunddreißig
fünfzig Millionen einhundertachtzehntausendzweihundertachtundsechzig
fünfzig Millionen dreihundertdreiunddreißigtausendsechshundertneunundneunzig
fünfzig Millionen fünfhundertneunundvierzigtausendeinhundertdreißig
fünfzig Millionen siebenhundertvierundsechzigtausendfünfhunderteinundsechzig
fünfzig Millionen neunhundertneunundsiebzigtausendneunhundertzweiundneunzig
einundfünfzig Millionen einhundertfünfundneunzigtausendvierhundertdreiundzwanzig
einundfünfzig Millionen vierhundertzehntausendachthundertvierundfünfzig
einundfünfzig Millionen sechshundertsechsundzwanzigtausendzweihundertfünfundachtzig
einundfünfzig Millionen achthunderteinundvierzigtausendsiebenhundertsechzehn
zweiundfünfzig Millionen siebenundfünfzigtausendeinhundertsiebenundvierzig
zweiundfünfzig Millionen zweihundertzweiundsiebzigtausendfünfhundertachtundsiebzig
zweiundfünfzig Millionen vierhundertachtundachtzigtausendneun
zweiundfünfzig Millionen siebenhundertdreitausendvierhundertvierzig
zweiundfünfzig Millionen neunhundertachtzehntausendachthunderteinundsiebzig
dreiundfünfzig Millionen einhundertvierunddreißigtausenddreihundertzwei
dreiundfünfzig Millionen dreihundertneunundvierzigtausendsiebenhundertdreiunddreißig
dreiundfünfzig Millionen fünfhundertfünfundsechzigtausendeinhundertvierundsechzig
dreiundfünfzig Millionen siebenhundertachtzigtausendfünfhundertfünfundneunzig
dreiundfünfzig Millionen neunhundertsechsundneunzigtausendsechsundzwanzig
vierundfünfzig Millionen zweihundertelftausendvierhundertsiebenundfünfzig
vierundfünfzig Millionen vierhundertsechsundzwanzigtausendachthundertachtundachtzig
vierundfünfzig Millionen sechshundertzweiundvierzigtausenddreihundertneunzehn
vierundfünfzig Millionen achthundertsiebenundfünfzigtausendsiebenhundertfünfzig
fünfundfünfzig Millionen dreiundsiebzigtausendeinhunderteinundachtzig
fünfundfünfzig Millionen zweihundertachtundachtzigtausendsechshundertzwölf
fünfundfünfzig Millionen fünfhundertviertausenddreiundvierzig
fünfundfünfzig Millionen siebenhundertneunzehntausendvierhundertvierundsiebzig
fünfundfünfzig Millionen neunhundertvierunddreißigtausendneunhundertfünf
sechsundfünfzig Millionen einhundertfünfzigtausenddreihundertsechsunddreißig
sechsundfünfzig Millionen dreihundertfünfundsechzigtausendsiebenhundertsiebenundsechzig
sechsundfünfzig Millionen fünfhunderteinundachtzigtausendeinhundertachtundneunzig
sechsundfünfzig Millionen siebenhundertsechsundneunzigtausendsechshundertneunundzwanzig
siebenundfünfzig Millionen zwölftausendsechzig
siebenundfünfzig Millionen zweihundertsiebenundzwanzigtausendvierhunderteinundneunzig
siebenundfünfzig Millionen vierhundertzweiundvierzigtausendneunhundertzweiundzwanzig
siebenundfünfzig Millionen sechshundertachtundfünfzigtausenddreihundertdreiundfünfzig
siebenundfünfzig Millionen achthundertdreiundsiebzigtausendsiebenhundertvierundachtzig
achtundfünfzig Millionen neunundachtzigtausendzweihundertfünfzehn
achtundfünfzig Millionen dreihundertviertausendsechshundertsechsundvierzig
achtundfünfzig Millionen fünfhundertzwanzigtausendsiebenundsiebzig
achtundfünfzig Millionen siebenhundertfünfunddreißigtausendfünfhundertacht
achtundfünfzig Millionen neunhundertfünfzigtausendneunhundertneununddreißig
neunundfünfzig Millionen einhundertsechsundsechzigtausenddreihundertsiebzig
neunundfünfzig Millionen dreihunderteinundachtzigtausendachthunderteins
neunundfünfzig Millionen fünfhundertsiebenundneunzigtausendzweihundertzweiunddreißig
neunundfünfzig Millionen achthundertzwölftausendsechshundertdreiundsechzig
sechzig Millionen achtundzwanzigtausendvierundneunzig
sechzig Millionen zweihundertdreiundvierzigtausendfünfhundertfünfundzwanzig
sechzig Millionen vierhundertachtundfünfzigtausendneunhundertsechsundfünfzig
sechzig Millionen sechshundertvierundsiebzigtausenddreihundertsiebenundachtzig
sechzig Millionen achthundertneunundachtzigtausendachthundertachtzehn
einundsechzig Millionen einhundertfünftausendzweihundertneunundvierzig
einundsechzig Millionen dreihundertzwanzigtausendsechshundertachtzig
einundsechzig Millionen fünfhundertsechsunddreißigtausendeinhundertelf
einundsechzig Millionen siebenhunderteinundfünfzigtausendfünfhundertzweiundvierzig
einundsechzig Millionen neunhundertsechsundsechzigtausendneunhundertdreiundsiebzig
zweiundsechzig Millionen einhundertzweiundachtzigtausendvierhundertvier
zweiundsechzig Millionen dreihundertsiebenundneunzigtausendachthundertfünfunddreißig
zweiundsechzig Millionen sechshundertdreizehntausendzweihundertsechsundsechzig
zweiundsechzig Millionen achthundertachtundzwanzigtausendsechshundertsiebenundneunzig
dreiundsechzig Millionen vierundvierzigtausendeinhundertachtundzwanzig
dreiundsechzig Millionen zweihundertneunundfünfzigtausendfünfhundertneunundfünfzig
dreiundsechzig Millionen vierhundertvierundsiebzigtausendneunhundertneunzig
dreiundsechzig Millionen sechshundertneunzigtausendvierhunderteinundzwanzig
dreiundsechzig Millionen neunhundertfünftausendachthundertzweiundfünfzig
vierundsechzig Millionen einhunderteinundzwanzigtausendzweihundertdreiundachtzig
vierundsechzig Millionen dreihundertsechsunddreißigtausendsiebenhundertvierzehn
vierundsechzig Millionen fünfhundertzweiundfünfzigtausendeinhundertfünfundvierzig
vierundsechzig Millionen siebenhundertsiebenundsechzigtausendfünfhundertsechsundsiebzig
vierundsechzig Millionen neunhundertdreiundachtzigtausendsieben
fünfundsechzig Millionen einhundertachtundneunzigtausendvierhundertachtunddreißig
fünfundsechzig Millionen vierhundertdreizehntausendachthundertneunundsechzig
fünfundsechzig Millionen sechshundertneunundzwanzigtausenddreihundert
fünfundsechzig Millionen achthundertvierundvierzigtausendsiebenhunderteinunddreißig
sechsundsechzig Millionen sechzigtausendeinhundertzweiundsechzig
sechsundsechzig Millionen zweihundertfünfundsiebzigtausendfünfhundertdreiundneunzig
sechsundsechzig Millionen vierhunderteinundneunzigtausendvierundzwanzig
sechsundsechzig Millionen siebenhundertsechstausendvierhundertfünfundfünfzig
sechsundsechzig Millionen neunhunderteinundzwanzigtausendachthundertsechsundachtzig
siebenundsechzig Millionen einhundertsiebenunddreißigtausenddreihundertsiebzehn
siebenundsechzig Millionen dreihundertzweiundfünfzigtausendsiebenhundertachtundvierzig
siebenundsechzig Millionen fünfhundertachtundsechzigtausendeinhundertneunundsiebzig
siebenundsechzig Millionen siebenhundertdreiundachtzigtausendsechshundertzehn
siebenundsechzig Millionen neunhundertneunundneunzigtausendeinundvierzig
achtundsechzig Millionen zweihundertvierzehntausendvierhundertzweiundsiebzig
achtundsechzig Millionen vierhundertneunundzwanzigtausendneunhundertdrei
achtundsechzig Millionen sechshundertfünfundvierzigtausenddreihundertvierunddreißig
achtundsechzig Millionen achthundertsechzigtausendsiebenhundertfünfundsechzig
neunundsechzig Millionen sechsundsiebzigtausendeinhundertsechsundneunzig
neunundsechzig Millionen zweihunderteinundneunzigtausendsechshundertsiebenundzwanzig
neunundsechzig Millionen fünfhundertsiebentausendachtundfünfzig
neunundsechzig Millionen siebenhundertzweiundzwanzigtausendvierhundertneunundachtzig
neunundsechzig Millionen neunhundertsiebenunddreißigtausendneunhundertzwanzig
siebzig Millionen einhundertdreiundfünfzigtausenddreihunderteinundfünfzig
siebzig Millionen dreihundertachtundsechzigtausendsiebenhundertzweiundachtzig
siebzig Millionen fünfhundertvierundachtzigtausendzweihundertdreizehn
siebzig Millionen siebenhundertneunundneunzigtausendsechshundertvierundvierzig
einundsiebzig Millionen fünfzehntausendfünfundsiebzig
einundsiebzig Millionen zweihundertdreißigtausendfünfhundertsechs
einundsiebzig Millionen vierhundertfünfundvierzigtausendneunhundertsiebenunddreißig
einundsiebzig Millionen sechshunderteinundsechzigtausenddreihundertachtundsechzig
einundsiebzig Millionen achthundertsechsundsiebzigtausendsiebenhundertneunundneunzig
zweiundsiebzig Millionen zweiundneunzigtausendzweihundertdreißig
zweiundsiebzig Millionen dreihundertsiebentausendsechshunderteinundsechzig
zweiundsiebzig Millionen fünfhundertdreiundzwanzigtausendzweiundneunzig
zweiundsiebzig Millionen siebenhundertachtunddreißigtausendfünfhundertdreiundzwanzig
zweiundsiebzig Millionen neunhundertdreiundfünfzigtausendneunhundertvierundfünfzig
dreiundsiebzig Millionen einhundertneunundsechzigtausenddreihundertfünfundachtzig
dreiundsiebzig Millionen dreihundertvierundachtzigtausendachthundertsechzehn
dreiundsiebzig Millionen sechshunderttausendzweihundertsiebenundvierzig
dreiundsiebzig Millionen achthundertfünfzehntausendsechshundertachtundsiebzig
vierundsiebzig Millionen einunddreißigtausendeinhundertneun
vierundsiebzig Millionen zweihundertsechsundvierzigtausendfünfhundertvierzig
vierundsiebzig Millionen vierhunderteinundsechzigtausendneunhunderteinundsiebzig
vierundsiebzig Millionen sechshundertsiebenundsiebzigtausendvierhundertzwei
vierundsiebzig Millionen achthundertzweiundneunzigtausendachthundertdreiunddreißig
fünfundsiebzig Millionen einhundertachttausendzweihundertvierundsechzig
fünfundsiebzig Millionen dreihundertdreiundzwanzigtausendsechshundertfünfundneunzig
fünfundsiebzig Millionen fünfhundertneununddreißigtausendeinhundertsechsundzwanzig
fünfundsiebzig Millionen siebenhundertvierundfünfzigtausendfünfhundertsiebenundfünfzig
fünfundsiebzig Millionen neunhundertneunundsechzigtausendneunhundertachtundachtzig
sechsundsiebzig Millionen einhundertfünfundachtzigtausendvierhundertneunzehn
sechsundsiebzig Millionen vierhunderttausendachthundertfünfzig
sechsundsiebzig Millionen sechshundertsechzehntausendzweihunderteinundachtzig
sechsundsiebzig Millionen achthunderteinunddreißigtausendsiebenhundertzwölf
siebenundsiebzig Millionen siebenundvierzigtausendeinhundertdreiundvierzig
siebenundsiebzig Millionen zweihundertzweiundsechzigtausendfünfhundertvierundsiebzig
siebenundsiebzig Millionen vierhundertachtundsiebzigtausendfünf
siebenundsiebzig Millionen sechshundertdreiundneunzigtausendvierhundertsechsunddreißig
siebenundsiebzig Millionen neunhundertachttausendachthundertsiebenundsechzig
achtundsiebzig Millionen einhundertvierundzwanzigtausendzweihundertachtundneunzig
achtundsiebzig Millionen dreihundertneununddreißigtausendsiebenhundertneunundzwanzig
achtundsiebzig Millionen fünfhundertfünfundfünfzigtausendeinhundertsechzig
achtundsiebzig Millionen siebenhundertsiebzigtausendfünfhunderteinundneunzig
achtundsiebzig Millionen neunhundertsechsundachtzigtausendzweiundzwanzig
neunundsiebzig Millionen zweihunderteintausendvierhundertdreiundfünfzig
neunundsiebzig Millionen vierhundertsechzehntausendachthundertvierundachtzig
neunundsiebzig Millionen sechshundertzweiunddreißigtausenddreihundertfünfzehn
neunundsiebzig Millionen achthundertsiebenundvierzigtausendsiebenhundertsechsundvierzig
achtzig Millionen dreiundsechzigtausendeinhundertsiebenundsiebzig
achtzig Millionen zweihundertachtundsiebzigtausendsechshundertacht
achtzig Millionen vierhundertvierundneunzigtausendneununddreißig
achtzig Millionen siebenhundertneuntausendvierhundertsiebzig
achtzig Millionen neunhundertvierundzwanzigtausendneunhunderteins
einundachtzig Millionen einhundertvierzigtausenddreihundertzweiunddreißig
einundachtzig Millionen dreihundertfünfundfünfzigtausendsiebenhundertdreiundsechzig
einundachtzig Millionen fünfhunderteinundsiebzigtausendeinhundertvierundneunzig
einundachtzig Millionen siebenhundertsechsundachtzigtausendsechshundertfünfundzwanzig
zweiundachtzig Millionen zweitausendsechsundfünfzig
zweiundachtzig Millionen zweihundertsiebzehntausendvierhundertsiebenundachtzig
zweiundachtzig Millionen vierhundertzweiunddreißigtausendneunhundertachtzehn
zweiundachtzig Millionen sechshundertachtundvierzigtausenddreihundertneunundvierzig
zweiundachtzig Millionen achthundertdreiundsechzigtausendsiebenhundertachtzig
dreiundachtzig Millionen neunundsiebzigtausendzweihundertelf
dreiundachtzig Millionen zweihundertvierundneunzigtausendsechshundertzweiundvierzig
dreiundachtzig Millionen fünfhundertzehntausenddreiundsiebzig
dreiundachtzig Millionen siebenhundertfünfundzwanzigtausendfünfhundertvier
dreiundachtzig Millionen neunhundertvierzigtausendneunhundertfünfunddreißig
vierundachtzig Millionen einhundertsechsundfünfzigtausenddreihundertsechsundsechzig
vierundachtzig Millionen dreihunderteinundsiebzigtausendsiebenhundertsiebenundneunzig
vierundachtzig Millionen fünfhundertsiebenundachtzigtausendzweihundertachtundzwanzig
vierundachtzig Millionen achthundertzweitausendsechshundertneunundfünfzig
fünfundachtzig Millionen achtzehntausendneunzig
fünfundachtzig Millionen zweihundertdreiunddreißigtausendfünfhunderteinundzwanzig
fünfundachtzig Millionen vierhundertachtundvierzigtausendneunhundertzweiundfünfzig
fünfundachtzig Millionen sechshundertvierundsechzigtausenddreihundertdreiundachtzig
fünfundachtzig Millionen achthundertneunundsiebzigtausendachthundertvierzehn
sechsundachtzig Millionen fünfundneunzigtausendzweihundertfünfundvierzig
sechsundachtzig Millionen dreihundertzehntausendsechshundertsechsundsiebzig
sechsundachtzig Millionen fünfhundertsechsundzwanzigtausendeinhundertsieben
sechsundachtzig Millionen siebenhunderteinundvierzigtausendfünfhundertachtunddreißig
sechsundachtzig Millionen neunhundertsechsundfünfzigtausendneunhundertneunundsechzig
siebenundachtzig Millionen einhundertzweiundsiebzigtausendvierhundert
siebenundachtzig Millionen dreihundertsiebenundachtzigtausendachthunderteinunddreißig
siebenundachtzig Millionen sechshundertdreitausendzweihundertzweiundsechzig
siebenundachtzig Millionen achthundertachtzehntausendsechshundertdreiundneunzig
achtundachtzig Millionen vierunddreißigtausendeinhundertvierundzwanzig
achtundachtzig Millionen zweihundertneunundvierzigtausendfünfhundertfünfundfünfzig
achtundachtzig Millionen vierhundertvierundsechzigtausendneunhundertsechsundachtzig
achtundachtzig Millionen sechshundertachtzigtausendvierhundertsiebzehn
achtundachtzig Millionen achthundertfünfundneunzigtausendachthundertachtundvierzig
neunundachtzig Millionen einhundertelftausendzweihundertneunundsiebzig
neunundachtzig Millionen dreihundertsechsundzwanzigtausendsiebenhundertzehn
neunundachtzig Millionen fünfhundertzweiundvierzigtausendeinhunderteinundvierzig
neunundachtzig Millionen siebenhundertsiebenundfünfzigtausendfünfhundertzweiundsiebzig
neunundachtzig Millionen neunhundertdreiundsiebzigtausenddrei
neunzig Millionen einhundertachtundachtzigtausendvierhundertvierunddreißig
neunzig Millionen vierhundertdreitausendachthundertfünfundsechzig
neunzig Millionen sechshundertneunzehntausendzweihundertsechsundneunzig
neunzig Millionen achthundertvierunddreißigtausendsiebenhundertsiebenundzwanzig
einundneunzig Millionen fünfzigtausendeinhundertachtundfünfzig
einundneunzig Millionen zweihundertfünfundsechzigtausendfünfhundertneunundachtzig
einundneunzig Millionen vierhunderteinundachtzigtausendzwanzig
einundneunzig Millionen sechshundertsechsundneunzigtausendvierhunderteinundfünfzig
einundneunzig Millionen neunhundertelftausendachthundertzweiundachtzig
zweiundneunzig Millionen einhundertsiebenundzwanzigtausenddreihundertdreizehn
zweiundneunzig Millionen dreihundertzweiundvierzigtausendsiebenhundertvierundvierzig
zweiundneunzig Millionen fünfhundertachtundfünfzigtausendeinhundertfünfundsiebzig
zweiundneunzig Millionen siebenhundertdreiundsiebzigtausendsechshundertsechs
zweiundneunzig Millionen neunhundertneunundachtzigtausendsiebenunddreißig
dreiundneunzig Millionen zweihundertviertausendvierhundertachtundsechzig
dreiundneunzig Millionen vierhundertneunzehntausendachthundertneunundneunzig
dreiundneunzig Millionen sechshundertfünfunddreißigtausenddreihundertdreißig
dreiundneunzig Millionen achthundertfünfzigtausendsiebenhunderteinundsechzig
vierundneunzig Millionen sechsundsechzigtausendeinhundertzweiundneunzig
vierundneunzig Millionen zweihunderteinundachtzigtausendsechshundertdreiundzwanzig
vierundneunzig Millionen vierhundertsiebenundneunzigtausendvierundfünfzig
vierundneunzig Millionen siebenhundertzwölftausendvierhundertfünfundachtzig
vierundneunzig Millionen neunhundertsiebenundzwanzigtausendneunhundertsechzehn
fünfundneunzig Millionen einhundertdreiundvierzigtausenddreihundertsiebenundvierzig
fünfundneunzig Millionen dreihundertachtundfünfzigtausendsiebenhundertachtundsiebzig
fünfundneunzig Millionen fünfhundertvierundsiebzigtausendzweihundertneun
fünfundneunzig Millionen siebenhundertneunundachtzigtausendsechshundertvierzig
sechsundneunzig Millionen fünftausendeinundsiebzig
sechsundneunzig Millionen zweihundertzwanzigtausendfünfhundertzwei
sechsundneunzig Millionen vierhundertfünfunddreißigtausendneunhundertdreiunddreißig
sechsundneunzig Millionen sechshunderteinundfünfzigtausenddreihundertvierundsechzig
sechsundneunzig Millionen achthundertsechsundsechzigtausendsiebenhundertfünfundneunzig
siebenundneunzig Millionen zweiundachtzigtausendzweihundertsechsundzwanzig
siebenundneunzig Millionen zweihundertsiebenundneunzigtausendsechshundertsiebenundfünfzig
siebenundneunzig Millionen fünfhundertdreizehntausendachtundachtzig
siebenundneunzig Millionen siebenhundertachtundzwanzigtausendfünfhundertneunzehn
siebenundneunzig Millionen neunhundertdreiundvierzigtausendneunhundertfünfzig
achtundneunzig Millionen einhundertneunundfünfzigtausenddreihunderteinundachtzig
achtundneunzig Millionen dreihundertvierundsiebzigtausendachthundertzwölf
achtundneunzig Millionen fünfhundertneunzigtausendzweihundertdreiundvierzig
achtundneunzig Millionen achthundertfünftausendsechshundertvierundsiebzig
neunundneunzig Millionen einundzwanzigtausendeinhundertfünf
neunundneunzig Millionen zweihundertsechsunddreißigtausendfünfhundertsechsunddreißig
neunundneunzig Millionen vierhunderteinundfünfzigtausendneunhundertsiebenundsechzig
neunundneunzig Millionen sechshundertsiebenundsechzigtausenddreihundertachtundneunzig
neunundneunzig Millionen achthundertzweiundachtzigtausendachthundertneunundzwanzig
