einhundert
einhunderteins
einhundertzwei
einhundertdrei
einhundertvier
einhundertfünf
einhundertsechs
einhundertsieben
einhundertacht
einhundertneun
einhundertzehn
einhundertelf
einhundertzwölf
einhundertdreizehn
einhundertvierzehn
einhundertfünfzehn
einhundertsechzehn
einhundertsiebzehn
einhundertachtzehn
einhundertneunzehn
einhundertzwanzig
einhunderteinundzwanzig
einhundertzweiundzwanzig
einhundertdreiundzwanzig
einhundertvierundzwanzig
einhundertfünfundzwanzig
einhundertsechsundzwanzig
einhundertsiebenundzwanzig
einhundertachtundzwanzig
einhundertneunundzwanzig
einhundertdreizig
einhunderteinunddreizig
einhundertzweiunddreizig
einhundertdreiunddreizig
einhundertvierunddreizig
einhundertfünfunddreizig
einhundertsechsunddreizig
einhundertsiebenunddreizig
einhundertachtunddreizig
einhundertneununddreizig
einhundertvierzig
einhunderteinundvierzig
einhundertzweiundvierzig
einhundertdreiundvierzig
einhundertvierundvierzig
einhundertfünfundvierzig
einhundertsechsundvierzig
einhundertsiebenundvierzig
einhundertachtundvierzig
einhundertneunundvierzig
einhundertfünfzig
einhunderteinundfünfzig
einhundertzweiundfünfzig
einhundertdreiundfünfzig
einhundertvierundfünfzig
einhundertfünfundfünfzig
einhundertsechsundfünfzig
einhundertsiebenundfünfzig
einhundertachtundfünfzig
einhundertneunundfünfzig
einhundertsechzig
einhunderteinundsechzig
einhundertzweiundsechzig
einhundertdreiundsechzig
einhundertvierundsechzig
einhundertfünfundsechzig
einhundertsechsundsechzig
einhundertsiebenundsechzig
einhundertachtundsechzig
einhundertneunundsechzig
einhundertsiebzig
einhunderteinundsiebzig
einhundertzweiundsiebzig
einhundertdreiundsiebzig
einhundertvierundsiebzig
einhundertfünfundsiebzig
einhundertsechsundsiebzig
einhundertsiebenundsiebzig
einhundertachtundsiebzig
einhundertneunundsiebzig
einhundertachtzig
einhunderteinundachtzig
einhundertzweiundachtzig
einhundertdreiundachtzig
einhundertvierundachtzig
einhundertfünfundachtzig
einhundertsechsundachtzig
einhundertsiebenundachtzig
einhundertachtundachtzig
einhundertneunundachtzig
einhundertneunzig
einhunderteinundneunzig
einhundertzweiundneunzig
einhundertdreiundneunzig
einhundertvierundneunzig
einhundertfünfundneunzig
einhundertsechsundneunzig
einhundertsiebenundneunzig
einhundertachtundneunzig
einhundertneunundneunzig
zweihundert
zweihunderteins
zweihundertzwei
zweihundertdrei
zweihundertvier
zweihundertfünf
zweihundertsechs
zweihundertsieben
zweihundertacht
zweihundertneun
zweihundertzehn
zweihundertelf
zweihundertzwölf
zweihundertdreizehn
zweihundertvierzehn
zweihundertfünfzehn
zweihundertsechzehn
zweihundertsiebzehn
zweihundertachtzehn
zweihundertneunzehn
zweihundertzwanzig
zweihunderteinundzwanzig
zweihundertzweiundzwanzig
zweihundertdreiundzwanzig
zweihundertvierundzwanzig
zweihundertfünfundzwanzig
zweihundertsechsundzwanzig
zweihundertsiebenundzwanzig
zweihundertachtundzwanzig
zweihundertneunundzwanzig
zweihundertdreizig
zweihunderteinunddreizig
zweihundertzweiunddreizig
zweihundertdreiunddreizig
zweihundertvierunddreizig
zweihundertfünfunddreizig
zweihundertsechsunddreizig
zweihundertsiebenunddreizig
zweihundertachtunddreizig
zweihundertneununddreizig
zweihundertvierzig
zweihunderteinundvierzig
zweihundertzweiundvierzig
zweihundertdreiundvierzig
zweihundertvierundvierzig
zweihundertfünfundvierzig
zweihundertsechsundvierzig
zweihundertsiebenundvierzig
zweihundertachtundvierzig
zweihundertneunundvierzig
zweihundertfünfzig
zweihunderteinundfünfzig
zweihundertzweiundfünfzig
zweihundertdreiundfünfzig
zweihundertvierundfünfzig
zweihundertfünfundfünfzig
zweihundertsechsundfünfzig
zweihundertsiebenundfünfzig
zweihundertachtundfünfzig
zweihundertneunundfünfzig
zweihundertsechzig
zweihunderteinundsechzig
zweihundertzweiundsechzig
zweihundertdreiundsechzig
zweihundertvierundsechzig
zweihundertfünfundsechzig
zweihundertsechsundsechzig
zweihundertsiebenundsechzig
zweihundertachtundsechzig
zweihundertneunundsechzig
zweihundertsiebzig
zweihunderteinundsiebzig
zweihundertzweiundsiebzig
zweihundertdreiundsiebzig
zweihundertvierundsiebzig
zweihundertfünfundsiebzig
zweihundertsechsundsiebzig
zweihundertsiebenundsiebzig
zweihundertachtundsiebzig
zweihundertneunundsiebzig
zweihundertachtzig
zweihunderteinundachtzig
zweihundertzweiundachtzig
zweihundertdreiundachtzig
zweihundertvierundachtzig
zweihundertfünfundachtzig
zweihundertsechsundachtzig
zweihundertsiebenundachtzig
zweihundertachtundachtzig
zweihundertneunundachtzig
zweihundertneunzig
zweihunderteinundneunzig
zweihundertzweiundneunzig
zweihundertdreiundneunzig
zweihundertvierundneunzig
zweihundertfünfundneunzig
zweihundertsechsundneunzig
zweihundertsiebenundneunzig
zweihundertachtundneunzig
zweihundertneunundneunzig
dreihundert
dreihunderteins
dreihundertzwei
dreihundertdrei
dreihundertvier
dreihundertfünf
dreihundertsechs
dreihundertsieben
dreihundertacht
dreihundertneun
dreihundertzehn
dreihundertelf
dreihundertzwölf
dreihundertdreizehn
dreihundertvierzehn
dreihundertfünfzehn
dreihundertsechzehn
dreihundertsiebzehn
dreihundertachtzehn
dreihundertneunzehn
dreihundertzwanzig
dreihunderteinundzwanzig
dreihundertzweiundzwanzig
dreihundertdreiundzwanzig
dreihundertvierundzwanzig
dreihundertfünfundzwanzig
dreihundertsechsundzwanzig
dreihundertsiebenundzwanzig
dreihundertachtundzwanzig
dreihundertneunundzwanzig
dreihundertdreizig
dreihunderteinunddreizig
dreihundertzweiunddreizig
dreihundertdreiunddreizig
dreihundertvierunddreizig
dreihundertfünfunddreizig
dreihundertsechsunddreizig
dreihundertsiebenunddreizig
dreihundertachtunddreizig
dreihundertneununddreizig
dreihundertvierzig
dreihunderteinundvierzig
dreihundertzweiundvierzig
dreihundertdreiundvierzig
dreihundertvierundvierzig
dreihundertfünfundvierzig
dreihundertsechsundvierzig
dreihundertsiebenundvierzig
dreihundertachtundvierzig
dreihundertneunundvierzig
dreihundertfünfzig
dreihunderteinundfünfzig
dreihundertzweiundfünfzig
dreihundertdreiundfünfzig
dreihundertvierundfünfzig
dreihundertfünfundfünfzig
dreihundertsechsundfünfzig
dreihundertsiebenundfünfzig
dreihundertachtundfünfzig
dreihundertneunundfünfzig
dreihundertsechzig
dreihunderteinundsechzig
dreihundertzweiundsechzig
dreihundertdreiundsechzig
dreihundertvierundsechzig
dreihundertfünfundsechzig
dreihundertsechsundsechzig
dreihundertsiebenundsechzig
dreihundertachtundsechzig
dreihundertneunundsechzig
dreihundertsiebzig
dreihunderteinundsiebzig
dreihundertzweiundsiebzig
dreihundertdreiundsiebzig
dreihundertvierundsiebzig
dreihundertfünfundsiebzig
dreihundertsechsundsiebzig
dreihundertsiebenundsiebzig
dreihundertachtundsiebzig
dreihundertneunundsiebzig
dreihundertachtzig
dreihunderteinundachtzig
dreihundertzweiundachtzig
dreihundertdreiundachtzig
dreihundertvierundachtzig
dreihundertfünfundachtzig
dreihundertsechsundachtzig
dreihundertsiebenundachtzig
dreihundertachtundachtzig
dreihundertneunundachtzig
dreihundertneunzig
dreihunderteinundneunzig
dreihundertzweiundneunzig
dreihundertdreiundneunzig
dreihundertvierundneunzig
dreihundertfünfundneunzig
dreihundertsechsundneunzig
dreihundertsiebenundneunzig
dreihundertachtundneunzig
dreihundertneunundneunzig
vierhundert
vierhunderteins
vierhundertzwei
vierhundertdrei
vierhundertvier
vierhundertfünf
vierhundertsechs
vierhundertsieben
vierhundertacht
vierhundertneun
vierhundertzehn
vierhundertelf
vierhundertzwölf
vierhundertdreizehn
vierhundertvierzehn
vierhundertfünfzehn
vierhundertsechzehn
vierhundertsiebzehn
vierhundertachtzehn
vierhundertneunzehn
vierhundertzwanzig
vierhunderteinundzwanzig
vierhundertzweiundzwanzig
vierhundertdreiundzwanzig
vierhundertvierundzwanzig
vierhundertfünfundzwanzig
vierhundertsechsundzwanzig
vierhundertsiebenundzwanzig
vierhundertachtundzwanzig
vierhundertneunundzwanzig
vierhundertdreizig
vierhunderteinunddreizig
vierhundertzweiunddreizig
vierhundertdreiunddreizig
vierhundertvierunddreizig
vierhundertfünfunddreizig
vierhundertsechsunddreizig
vierhundertsiebenunddreizig
vierhundertachtunddreizig
vierhundertneununddreizig
vierhundertvierzig
vierhunderteinundvierzig
vierhundertzweiundvierzig
vierhundertdreiundvierzig
vierhundertvierundvierzig
vierhundertfünfundvierzig
vierhundertsechsundvierzig
vierhundertsiebenundvierzig
vierhundertachtundvierzig
vierhundertneunundvierzig
vierhundertfünfzig
vierhunderteinundfünfzig
vierhundertzweiundfünfzig
vierhundertdreiundfünfzig
vierhundertvierundfünfzig
vierhundertfünfundfünfzig
vierhundertsechsundfünfzig
vierhundertsiebenundfünfzig
vierhundertachtundfünfzig
vierhundertneunundfünfzig
vierhundertsechzig
vierhunderteinundsechzig
vierhundertzweiundsechzig
vierhundertdreiundsechzig
vierhundertvierundsechzig
vierhundertfünfundsechzig
vierhundertsechsundsechzig
vierhundertsiebenundsechzig
vierhundertachtundsechzig
vierhundertneunundsechzig
vierhundertsiebzig
vierhunderteinundsiebzig
vierhundertzweiundsiebzig
vierhundertdreiundsiebzig
vierhundertvierundsiebzig
vierhundertfünfundsiebzig
vierhundertsechsundsiebzig
vierhundertsiebenundsiebzig
vierhundertachtundsiebzig
vierhundertneunundsiebzig
vierhundertachtzig
vierhunderteinundachtzig
vierhundertzweiundachtzig
vierhundertdreiundachtzig
vierhundertvierundachtzig
vierhundertfünfundachtzig
vierhundertsechsundachtzig
vierhundertsiebenundachtzig
vierhundertachtundachtzig
vierhundertneunundachtzig
vierhundertneunzig
vierhunderteinundneunzig
vierhundertzweiundneunzig
vierhundertdreiundneunzig
vierhundertvierundneunzig
vierhundertfünfundneunzig
vierhundertsechsundneunzig
vierhundertsiebenundneunzig
vierhundertachtundneunzig
vierhundertneunundneunzig
fünfhundert
fünfhunderteins
fünfhundertzwei
fünfhundertdrei
fünfhundertvier
fünfhundertfünf
fünfhundertsechs
fünfhundertsieben
fünfhundertacht
fünfhundertneun
fünfhundertzehn
fünfhundertelf
fünfhundertzwölf
fünfhundertdreizehn
fünfhundertvierzehn
fünfhundertfünfzehn
fünfhundertsechzehn
fünfhundertsiebzehn
fünfhundertachtzehn
fünfhundertneunzehn
fünfhundertzwanzig
fünfhunderteinundzwanzig
fünfhundertzweiundzwanzig
fünfhundertdreiundzwanzig
fünfhundertvierundzwanzig
fünfhundertfünfundzwanzig
fünfhundertsechsundzwanzig
fünfhundertsiebenundzwanzig
fünfhundertachtundzwanzig
fünfhundertneunundzwanzig
fünfhundertdreizig
fünfhunderteinunddreizig
fünfhundertzweiunddreizig
fünfhundertdreiunddreizig
fünfhundertvierunddreizig
fünfhundertfünfunddreizig
fünfhundertsechsunddreizig
fünfhundertsiebenunddreizig
fünfhundertachtunddreizig
fünfhundertneununddreizig
fünfhundertvierzig
fünfhunderteinundvierzig
fünfhundertzweiundvierzig
fünfhundertdreiundvierzig
fünfhundertvierundvierzig
fünfhundertfünfundvierzig
fünfhundertsechsundvierzig
fünfhundertsiebenundvierzig
fünfhundertachtundvierzig
fünfhundertneunundvierzig
fünfhundertfünfzig
fünfhunderteinundfünfzig
fünfhundertzweiundfünfzig
fünfhundertdreiundfünfzig
fünfhundertvierundfünfzig
fünfhundertfünfundfünfzig
fünfhundertsechsundfünfzig
fünfhundertsiebenundfünfzig
fünfhundertachtundfünfzig
fünfhundertneunundfünfzig
fünfhundertsechzig
fünfhunderteinundsechzig
fünfhundertzweiundsechzig
fünfhundertdreiundsechzig
fünfhundertvierundsechzig
fünfhundertfünfundsechzig
fünfhundertsechsundsechzig
fünfhundertsiebenundsechzig
fünfhundertachtundsechzig
fünfhundertneunundsechzig
fünfhundertsiebzig
fünfhunderteinundsiebzig
fünfhundertzweiundsiebzig
fünfhundertdreiundsiebzig
fünfhundertvierundsiebzig
fünfhundertfünfundsiebzig
fünfhundertsechsundsiebzig
fünfhundertsiebenundsiebzig
fünfhundertachtundsiebzig
fünfhundertneunundsiebzig
fünfhundertachtzig
fünfhunderteinundachtzig
fünfhundertzweiundachtzig
fünfhundertdreiundachtzig
fünfhundertvierundachtzig
fünfhundertfünfundachtzig
fünfhundertsechsundachtzig
fünfhundertsiebenundachtzig
fünfhundertachtundachtzig
fünfhundertneunundachtzig
fünfhundertneunzig
fünfhunderteinundneunzig
fünfhundertzweiundneunzig
fünfhundertdreiundneunzig
fünfhundertvierundneunzig
fünfhundertfünfundneunzig
fünfhundertsechsundneunzig
fünfhundertsiebenundneunzig
fünfhundertachtundneunzig
fünfhundertneunundneunzig
sechshundert
sechshunderteins
sechshundertzwei
sechshundertdrei
sechshundertvier
sechshundertfünf
sechshundertsechs
sechshundertsieben
sechshundertacht
sechshundertneun
sechshundertzehn
sechshundertelf
sechshundertzwölf
sechshundertdreizehn
sechshundertvierzehn
sechshundertfünfzehn
sechshundertsechzehn
sechshundertsiebzehn
sechshundertachtzehn
sechshundertneunzehn
sechshundertzwanzig
sechshunderteinundzwanzig
sechshundertzweiundzwanzig
sechshundertdreiundzwanzig
sechshundertvierundzwanzig
sechshundertfünfundzwanzig
sechshundertsechsundzwanzig
sechshundertsiebenundzwanzig
sechshundertachtundzwanzig
sechshundertneunundzwanzig
sechshundertdreizig
sechshunderteinunddreizig
sechshundertzweiunddreizig
sechshundertdreiunddreizig
sechshundertvierunddreizig
sechshundertfünfunddreizig
sechshundertsechsunddreizig
sechshundertsiebenunddreizig
sechshundertachtunddreizig
sechshundertneununddreizig
sechshundertvierzig
sechshunderteinundvierzig
sechshundertzweiundvierzig
sechshundertdreiundvierzig
sechshundertvierundvierzig
sechshundertfünfundvierzig
sechshundertsechsundvierzig
sechshundertsiebenundvierzig
sechshundertachtundvierzig
sechshundertneunundvierzig
sechshundertfünfzig
sechshunderteinundfünfzig
sechshundertzweiundfünfzig
sechshundertdreiundfünfzig
sechshundertvierundfünfzig
sechshundertfünfundfünfzig
sechshundertsechsundfünfzig
sechshundertsiebenundfünfzig
sechshundertachtundfünfzig
sechshundertneunundfünfzig
sechshundertsechzig
sechshunderteinundsechzig
sechshundertzweiundsechzig
sechshundertdreiundsechzig
sechshundertvierundsechzig
sechshundertfünfundsechzig
sechshundertsechsundsechzig
sechshundertsiebenundsechzig
sechshundertachtundsechzig
sechshundertneunundsechzig
sechshundertsiebzig
sechshunderteinundsiebzig
sechshundertzweiundsiebzig
sechshundertdreiundsiebzig
sechshundertvierundsiebzig
sechshundertfünfundsiebzig
sechshundertsechsundsiebzig
sechshundertsiebenundsiebzig
sechshundertachtundsiebzig
sechshundertneunundsiebzig
sechshundertachtzig
sechshunderteinundachtzig
sechshundertzweiundachtzig
sechshundertdreiundachtzig
sechshundertvierundachtzig
sechshundertfünfundachtzig
sechshundertsechsundachtzig
sechshundertsiebenundachtzig
sechshundertachtundachtzig
sechshundertneunundachtzig
sechshundertneunzig
sechshunderteinundneunzig
sechshundertzweiundneunzig
sechshundertdreiundneunzig
sechshundertvierundneunzig
sechshundertfünfundneunzig
sechshundertsechsundneunzig
sechshundertsiebenundneunzig
sechshundertachtundneunzig
sechshundertneunundneunzig
siebenhundert
siebenhunderteins
siebenhundertzwei
siebenhundertdrei
siebenhundertvier
siebenhundertfünf
siebenhundertsechs
siebenhundertsieben
siebenhundertacht
siebenhundertneun
siebenhundertzehn
siebenhundertelf
siebenhundertzwölf
siebenhundertdreizehn
siebenhundertvierzehn
siebenhundertfünfzehn
siebenhundertsechzehn
siebenhundertsiebzehn
siebenhundertachtzehn
siebenhundertneunzehn
siebenhundertzwanzig
siebenhunderteinundzwanzig
siebenhundertzweiundzwanzig
siebenhundertdreiundzwanzig
siebenhundertvierundzwanzig
siebenhundertfünfundzwanzig
siebenhundertsechsundzwanzig
siebenhundertsiebenundzwanzig
siebenhundertachtundzwanzig
siebenhundertneunundzwanzig
siebenhundertdreizig
siebenhunderteinunddreizig
siebenhundertzweiunddreizig
siebenhundertdreiunddreizig
siebenhundertvierunddreizig
siebenhundertfünfunddreizig
siebenhundertsechsunddreizig
siebenhundertsiebenunddreizig
siebenhundertachtunddreizig
siebenhundertneununddreizig
siebenhundertvierzig
siebenhunderteinundvierzig
siebenhundertzweiundvierzig
siebenhundertdreiundvierzig
siebenhundertvierundvierzig
siebenhundertfünfundvierzig
siebenhundertsechsundvierzig
siebenhundertsiebenundvierzig
siebenhundertachtundvierzig
siebenhundertneunundvierzig
siebenhundertfünfzig
siebenhunderteinundfünfzig
siebenhundertzweiundfünfzig
siebenhundertdreiundfünfzig
siebenhundertvierundfünfzig
siebenhundertfünfundfünfzig
siebenhundertsechsundfünfzig
siebenhundertsiebenundfünfzig
siebenhundertachtundfünfzig
siebenhundertneunundfünfzig
siebenhundertsechzig
siebenhunderteinundsechzig
siebenhundertzweiundsechzig
siebenhundertdreiundsechzig
siebenhundertvierundsechzig
siebenhundertfünfundsechzig
siebenhundertsechsundsechzig
siebenhundertsiebenundsechzig
siebenhundertachtundsechzig
siebenhundertneunundsechzig
siebenhundertsiebzig
siebenhunderteinundsiebzig
siebenhundertzweiundsiebzig
siebenhundertdreiundsiebzig
siebenhundertvierundsiebzig
siebenhundertfünfundsiebzig
siebenhundertsechsundsiebzig
siebenhundertsiebenundsiebzig
siebenhundertachtundsiebzig
siebenhundertneunundsiebzig
siebenhundertachtzig
siebenhunderteinundachtzig
siebenhundertzweiundachtzig
siebenhundertdreiundachtzig
siebenhundertvierundachtzig
siebenhundertfünfundachtzig
siebenhundertsechsundachtzig
siebenhundertsiebenundachtzig
siebenhundertachtundachtzig
siebenhundertneunundachtzig
siebenhundertneunzig
siebenhunderteinundneunzig
siebenhundertzweiundneunzig
siebenhundertdreiundneunzig
siebenhundertvierundneunzig
siebenhundertfünfundneunzig
siebenhundertsechsundneunzig
siebenhundertsiebenundneunzig
siebenhundertachtundneunzig
siebenhundertneunundneunzig
achthundert
achthunderteins
achthundertzwei
achthundertdrei
achthundertvier
achthundertfünf
achthundertsechs
achthundertsieben
achthundertacht
achthundertneun
achthundertzehn
achthundertelf
achthundertzwölf
achthundertdreizehn
achthundertvierzehn
achthundertfünfzehn
achthundertsechzehn
achthundertsiebzehn
achthundertachtzehn
achthundertneunzehn
achthundertzwanzig
achthunderteinundzwanzig
achthundertzweiundzwanzig
achthundertdreiundzwanzig
achthundertvierundzwanzig
achthundertfünfundzwanzig
achthundertsechsundzwanzig
achthundertsiebenundzwanzig
achthundertachtundzwanzig
achthundertneunundzwanzig
achthundertdreizig
achthunderteinunddreizig
achthundertzweiunddreizig
achthundertdreiunddreizig
achthundertvierunddreizig
achthundertfünfunddreizig
achthundertsechsunddreizig
achthundertsiebenunddreizig
achthundertachtunddreizig
achthundertneununddreizig
achthundertvierzig
achthunderteinundvierzig
achthundertzweiundvierzig
achthundertdreiundvierzig
achthundertvierundvierzig
achthundertfünfundvierzig
achthundertsechsundvierzig
achthundertsiebenundvierzig
achthundertachtundvierzig
achthundertneunundvierzig
achthundertfünfzig
achthunderteinundfünfzig
achthundertzweiundfünfzig
achthundertdreiundfünfzig
achthundertvierundfünfzig
achthundertfünfundfünfzig
achthundertsechsundfünfzig
achthundertsiebenundfünfzig
achthundertachtundfünfzig
achthundertneunundfünfzig
achthundertsechzig
achthunderteinundsechzig
achthundertzweiundsechzig
achthundertdreiundsechzig
achthundertvierundsechzig
achthundertfünfundsechzig
achthundertsechsundsechzig
achthundertsiebenundsechzig
achthundertachtundsechzig
achthundertneunundsechzig
achthundertsiebzig
achthunderteinundsiebzig
achthundertzweiundsiebzig
achthundertdreiundsiebzig
achthundertvierundsiebzig
achthundertfünfundsiebzig
achthundertsechsundsiebzig
achthundertsiebenundsiebzig
achthundertachtundsiebzig
achthundertneunundsiebzig
achthundertachtzig
achthunderteinundachtzig
achthundertzweiundachtzig
achthundertdreiundachtzig
achthundertvierundachtzig
achthundertfünfundachtzig
achthundertsechsundachtzig
achthundertsiebenundachtzig
achthundertachtundachtzig
achthundertneunundachtzig
achthundertneunzig
achthunderteinundneunzig
achthundertzweiundneunzig
achthundertdreiundneunzig
achthundertvierundneunzig
achthundertfünfundneunzig
achthundertsechsundneunzig
achthundertsiebenundneunzig
achthundertachtundneunzig
achthundertneunundneunzig
neunhundert
neunhunderteins
neunhundertzwei
neunhundertdrei
neunhundertvier
neunhundertfünf
neunhundertsechs
neunhundertsieben
neunhundertacht
neunhundertneun
neunhundertzehn
neunhundertelf
neunhundertzwölf
neunhundertdreizehn
neunhundertvierzehn
neunhundertfünfzehn
neunhundertsechzehn
neunhundertsiebzehn
neunhundertachtzehn
neunhundertneunzehn
neunhundertzwanzig
neunhunderteinundzwanzig
neunhundertzweiundzwanzig
neunhundertdreiundzwanzig
neunhundertvierundzwanzig
neunhundertfünfundzwanzig
neunhundertsechsundzwanzig
neunhundertsiebenundzwanzig
neunhundertachtundzwanzig
neunhundertneunundzwanzig
neunhundertdreizig
neunhunderteinunddreizig
neunhundertzweiunddreizig
neunhundertdreiunddreizig
neunhundertvierunddreizig
neunhundertfünfunddreizig
neunhundertsechsunddreizig
neunhundertsiebenunddreizig
neunhundertachtunddreizig
neunhundertneununddreizig
neunhundertvierzig
neunhunderteinundvierzig
neunhundertzweiundvierzig
neunhundertdreiundvierzig
neunhundertvierundvierzig
neunhundertfünfundvierzig
neunhundertsechsundvierzig
neunhundertsiebenundvierzig
neunhundertachtundvierzig
neunhundertneunundvierzig
neunhundertfünfzig
neunhunderteinundfünfzig
neunhundertzweiundfünfzig
neunhundertdreiundfünfzig
neunhundertvierundfünfzig
neunhundertfünfundfünfzig
neunhundertsechsundfünfzig
neunhundertsiebenundfünfzig
neunhundertachtundfünfzig
neunhundertneunundfünfzig
neunhundertsechzig
neunhunderteinundsechzig
neunhundertzweiundsechzig
neunhundertdreiundsechzig
neunhundertvierundsechzig
neunhundertfünfundsechzig
neunhundertsechsundsechzig
neunhundertsiebenundsechzig
neunhundertachtundsechzig
neunhundertneunundsechzig
neunhundertsiebzig
neunhunderteinundsiebzig
neunhundertzweiundsiebzig
neunhundertdreiundsiebzig
neunhundertvierundsiebzig
neunhundertfünfundsiebzig
neunhundertsechsundsiebzig
neunhundertsiebenundsiebzig
neunhundertachtundsiebzig
neunhundertneunundsiebzig
neunhundertachtzig
neunhunderteinundachtzig
neunhundertzweiundachtzig
neunhundertdreiundachtzig
neunhundertvierundachtzig
neunhundertfünfundachtzig
neunhundertsechsundachtzig
neunhundertsiebenundachtzig
neunhundertachtundachtzig
neunhundertneunundachtzig
neunhundertneunzig
neunhunderteinundneunzig
neunhundertzweiundneunzig
neunhundertdreiundneunzig
neunhundertvierundneunzig
neunhundertfünfundneunzig
neunhundertsechsundneunzig
neunhundertsiebenundneunzig
neunhundertachtundneunzig
neunhundertneunundneunzig
